// Jest Snapshot v1, https://goo.gl/fbAQLP

exports[`Navigation bar Renders correctly 1`] = `
<nav
  className="nav__container"
>
  <button
    className="hamburger"
    onClick={[Function]}
    type="button"
  >
    <svg
      fill="currentColor"
      height="1em"
      stroke="currentColor"
      strokeWidth="0"
      style={
        Object {
          "color": "white",
          "cursor": "pointer",
          "height": "30px",
          "width": "30px",
        }
      }
      viewBox="0 0 448 512"
      width="1em"
      xmlns="http://www.w3.org/2000/svg"
    >
      <path
        d="M16 132h416c8.837 0 16-7.163 16-16V76c0-8.837-7.163-16-16-16H16C7.163 60 0 67.163 0 76v40c0 8.837 7.163 16 16 16zm0 160h416c8.837 0 16-7.163 16-16v-40c0-8.837-7.163-16-16-16H16c-8.837 0-16 7.163-16 16v40c0 8.837 7.163 16 16 16zm0 160h416c8.837 0 16-7.163 16-16v-40c0-8.837-7.163-16-16-16H16c-8.837 0-16 7.163-16 16v40c0 8.837 7.163 16 16 16z"
      />
    </svg>
  </button>
  <div
    className="navbar "
  >
    <h1
      className="navbar__title"
    >
       Math Magicians
    </h1>
    <ul
      className="navbar__list"
    >
      <li
        className="navbar__item"
      >
        <a
          aria-current="page"
          className="active"
          href="/"
          onClick={[Function]}
        >
          Home
        </a>
      </li>
      <li
        className="navbar__item"
      >
        <a
          className={null}
          href="/calculator"
          onClick={[Function]}
        >
          Calculator
        </a>
      </li>
      <li
        className="navbar__item"
      >
        <a
          className={null}
          href="/quote"
          onClick={[Function]}
        >
          Quote
        </a>
      </li>
    </ul>
  </div>
</nav>
`;
